// Jest Snapshot v1, https://goo.gl/fbAQLP

exports[`Recover render should correctly render component 1`] = `
<form>
  <form-field-stub>
    <message-stub data-test="form-message">
      Enter recovery seed phrase of your wallet
    </message-stub>
  </form-field-stub>
  <!---->
  <form-field-stub>
    <v-input-stub label="Seed phrase" value="" name="seedPhrase" placeholder="Seed phrase" required=""></v-input-stub>
  </form-field-stub>
  <form-controls-stub>
    <v-button-stub disabled="true" type="primary" submit="true" data-test="submit-button">
      Confirm
    </v-button-stub>
  </form-controls-stub>
</form>
`;
