// Jest Snapshot v1, https://goo.gl/fbAQLP

exports[`GitAuthButton render should correctly render GitAuthButton component empty if auth2 isn't loaded 1`] = `
<v-button-stub>
  <v-svg-icon-stub name="github" width="30px" fill="" height="30px"></v-svg-icon-stub>
</v-button-stub>
`;
